\BOOKMARK [0][-]{chapter.1}{\376\377\0001\000\040\000D\000i\000r\000e\000c\000t\000o\000r\000y\000\040\000H\000i\000e\000r\000a\000r\000c\000h\000y}{}% 1
\BOOKMARK [1][-]{section.1.1}{\376\377\0001\000.\0001\000\040\000D\000i\000r\000e\000c\000t\000o\000r\000i\000e\000s}{chapter.1}% 2
\BOOKMARK [0][-]{chapter.2}{\376\377\0002\000\040\000N\000a\000m\000e\000s\000p\000a\000c\000e\000\040\000I\000n\000d\000e\000x}{}% 3
\BOOKMARK [1][-]{section.2.1}{\376\377\0002\000.\0001\000\040\000P\000a\000c\000k\000a\000g\000e\000\040\000L\000i\000s\000t}{chapter.2}% 4
\BOOKMARK [0][-]{chapter.3}{\376\377\0003\000\040\000F\000i\000l\000e\000\040\000I\000n\000d\000e\000x}{}% 5
\BOOKMARK [1][-]{section.3.1}{\376\377\0003\000.\0001\000\040\000F\000i\000l\000e\000\040\000L\000i\000s\000t}{chapter.3}% 6
\BOOKMARK [0][-]{chapter.4}{\376\377\0004\000\040\000D\000i\000r\000e\000c\000t\000o\000r\000y\000\040\000D\000o\000c\000u\000m\000e\000n\000t\000a\000t\000i\000o\000n}{}% 7
\BOOKMARK [1][-]{section.4.1}{\376\377\0004\000.\0001\000\040\000s\000r\000c\000\040\000D\000i\000r\000e\000c\000t\000o\000r\000y\000\040\000R\000e\000f\000e\000r\000e\000n\000c\000e}{chapter.4}% 8
\BOOKMARK [1][-]{section.4.2}{\376\377\0004\000.\0002\000\040\000u\000t\000i\000l\000s\000\040\000D\000i\000r\000e\000c\000t\000o\000r\000y\000\040\000R\000e\000f\000e\000r\000e\000n\000c\000e}{chapter.4}% 9
\BOOKMARK [0][-]{chapter.5}{\376\377\0005\000\040\000N\000a\000m\000e\000s\000p\000a\000c\000e\000\040\000D\000o\000c\000u\000m\000e\000n\000t\000a\000t\000i\000o\000n}{}% 10
\BOOKMARK [1][-]{section.5.1}{\376\377\0005\000.\0001\000\040\000a\000i\000\137\000d\000e\000t\000e\000c\000t\000i\000o\000n\000\040\000N\000a\000m\000e\000s\000p\000a\000c\000e\000\040\000R\000e\000f\000e\000r\000e\000n\000c\000e}{chapter.5}% 11
\BOOKMARK [1][-]{section.5.2}{\376\377\0005\000.\0002\000\040\000a\000p\000p\000\040\000N\000a\000m\000e\000s\000p\000a\000c\000e\000\040\000R\000e\000f\000e\000r\000e\000n\000c\000e}{chapter.5}% 12
\BOOKMARK [2][-]{subsection.5.2.1}{\376\377\0005\000.\0002\000.\0001\000\040\000F\000u\000n\000c\000t\000i\000o\000n\000\040\000D\000o\000c\000u\000m\000e\000n\000t\000a\000t\000i\000o\000n}{section.5.2}% 13
\BOOKMARK [3][-]{subsubsection.5.2.1.1}{\376\377\0005\000.\0002\000.\0001\000.\0001\000\040\000l\000o\000a\000d\000\137\000a\000i\000\137\000m\000o\000d\000e\000l\000s\000\050\000\051}{subsection.5.2.1}% 14
\BOOKMARK [2][-]{subsection.5.2.2}{\376\377\0005\000.\0002\000.\0002\000\040\000V\000a\000r\000i\000a\000b\000l\000e\000\040\000D\000o\000c\000u\000m\000e\000n\000t\000a\000t\000i\000o\000n}{section.5.2}% 15
\BOOKMARK [3][-]{subsubsection.5.2.2.1}{\376\377\0005\000.\0002\000.\0002\000.\0001\000\040\000\137}{subsection.5.2.2}% 16
\BOOKMARK [3][-]{subsubsection.5.2.2.2}{\376\377\0005\000.\0002\000.\0002\000.\0002\000\040\000a\000i\000\137\000i\000m\000a\000g\000e}{subsection.5.2.2}% 17
\BOOKMARK [3][-]{subsubsection.5.2.2.3}{\376\377\0005\000.\0002\000.\0002\000.\0003\000\040\000a\000k\000a\000z\000e}{subsection.5.2.2}% 18
\BOOKMARK [3][-]{subsubsection.5.2.2.4}{\376\377\0005\000.\0002\000.\0002\000.\0004\000\040\000a\000r\000e\000a}{subsection.5.2.2}% 19
\BOOKMARK [3][-]{subsubsection.5.2.2.5}{\376\377\0005\000.\0002\000.\0002\000.\0005\000\040\000c\0001}{subsection.5.2.2}% 20
\BOOKMARK [3][-]{subsubsection.5.2.2.6}{\376\377\0005\000.\0002\000.\0002\000.\0006\000\040\000c\0002}{subsection.5.2.2}% 21
\BOOKMARK [3][-]{subsubsection.5.2.2.7}{\376\377\0005\000.\0002\000.\0002\000.\0007\000\040\000c\0003}{subsection.5.2.2}% 22
\BOOKMARK [3][-]{subsubsection.5.2.2.8}{\376\377\0005\000.\0002\000.\0002\000.\0008\000\040\000c\000a\000p\000t\000i\000o\000n}{subsection.5.2.2}% 23
\BOOKMARK [3][-]{subsubsection.5.2.2.9}{\376\377\0005\000.\0002\000.\0002\000.\0009\000\040\000c\000n\000n\000\137\000f\000a\000k\000e\000\137\000s\000c\000o\000r\000e}{subsection.5.2.2}% 24
\BOOKMARK [3][-]{subsubsection.5.2.2.10}{\376\377\0005\000.\0002\000.\0002\000.\0001\0000\000\040\000c\000n\000n\000\137\000i\000n\000p\000u\000t}{subsection.5.2.2}% 25
\BOOKMARK [3][-]{subsubsection.5.2.2.11}{\376\377\0005\000.\0002\000.\0002\000.\0001\0001\000\040\000c\000n\000n\000\137\000m\000o\000d\000e\000l}{subsection.5.2.2}% 26
\BOOKMARK [3][-]{subsubsection.5.2.2.12}{\376\377\0005\000.\0002\000.\0002\000.\0001\0002\000\040\000c\000n\000n\000\137\000p\000r\000e\000d\000i\000c\000t\000i\000o\000n}{subsection.5.2.2}% 27
\BOOKMARK [3][-]{subsubsection.5.2.2.13}{\376\377\0005\000.\0002\000.\0002\000.\0001\0003\000\040\000c\000n\000n\000\137\000r\000e\000a\000l\000\137\000s\000c\000o\000r\000e}{subsection.5.2.2}% 28
\BOOKMARK [3][-]{subsubsection.5.2.2.14}{\376\377\0005\000.\0002\000.\0002\000.\0001\0004\000\040\000c\000o\000l\0001}{subsection.5.2.2}% 29
\BOOKMARK [3][-]{subsubsection.5.2.2.15}{\376\377\0005\000.\0002\000.\0002\000.\0001\0005\000\040\000c\000o\000l\0002}{subsection.5.2.2}% 30
\BOOKMARK [3][-]{subsubsection.5.2.2.16}{\376\377\0005\000.\0002\000.\0002\000.\0001\0006\000\040\000c\000o\000l\0003}{subsection.5.2.2}% 31
\BOOKMARK [3][-]{subsubsection.5.2.2.17}{\376\377\0005\000.\0002\000.\0002\000.\0001\0007\000\040\000c\000o\000n\000t\000o\000u\000r\000s}{subsection.5.2.2}% 32
\BOOKMARK [3][-]{subsubsection.5.2.2.18}{\376\377\0005\000.\0002\000.\0002\000.\0001\0008\000\040\000d\000e\000s\000\137\000a\000k\000a\000z\000e}{subsection.5.2.2}% 33
\BOOKMARK [3][-]{subsubsection.5.2.2.19}{\376\377\0005\000.\0002\000.\0002\000.\0001\0009\000\040\000d\000e\000s\000\137\000o\000r\000b}{subsection.5.2.2}% 34
\BOOKMARK [3][-]{subsubsection.5.2.2.20}{\376\377\0005\000.\0002\000.\0002\000.\0002\0000\000\040\000d\000e\000s\000\137\000s\000i\000f\000t}{subsection.5.2.2}% 35
\BOOKMARK [3][-]{subsubsection.5.2.2.21}{\376\377\0005\000.\0002\000.\0002\000.\0002\0001\000\040\000d\000e\000s\000\137\000s\000u\000r\000f}{subsection.5.2.2}% 36
\BOOKMARK [3][-]{subsubsection.5.2.2.22}{\376\377\0005\000.\0002\000.\0002\000.\0002\0002\000\040\000e\000d\000g\000e\000s}{subsection.5.2.2}% 37
\BOOKMARK [3][-]{subsubsection.5.2.2.23}{\376\377\0005\000.\0002\000.\0002\000.\0002\0003\000\040\000f\000i\000n\000a\000l\000\137\000s\000c\000o\000r\000e}{subsection.5.2.2}% 38
\BOOKMARK [3][-]{subsubsection.5.2.2.24}{\376\377\0005\000.\0002\000.\0002\000.\0002\0004\000\040\000g\000r\000a\000y}{subsection.5.2.2}% 39
\BOOKMARK [3][-]{subsubsection.5.2.2.25}{\376\377\0005\000.\0002\000.\0002\000.\0002\0005\000\040\000h}{subsection.5.2.2}% 40
\BOOKMARK [3][-]{subsubsection.5.2.2.26}{\376\377\0005\000.\0002\000.\0002\000.\0002\0006\000\040\000i\000m\000a\000g\000e}{subsection.5.2.2}% 41
\BOOKMARK [3][-]{subsubsection.5.2.2.27}{\376\377\0005\000.\0002\000.\0002\000.\0002\0007\000\040\000i\000m\000g}{subsection.5.2.2}% 42
\BOOKMARK [3][-]{subsubsection.5.2.2.28}{\376\377\0005\000.\0002\000.\0002\000.\0002\0008\000\040\000i\000m\000g\000\137\000a\000k\000a\000z\000e}{subsection.5.2.2}% 43
\BOOKMARK [3][-]{subsubsection.5.2.2.29}{\376\377\0005\000.\0002\000.\0002\000.\0002\0009\000\040\000i\000m\000g\000\137\000o\000r\000b}{subsection.5.2.2}% 44
\BOOKMARK [3][-]{subsubsection.5.2.2.30}{\376\377\0005\000.\0002\000.\0002\000.\0003\0000\000\040\000i\000m\000g\000\137\000s\000i\000f\000t}{subsection.5.2.2}% 45
\BOOKMARK [3][-]{subsubsection.5.2.2.31}{\376\377\0005\000.\0002\000.\0002\000.\0003\0001\000\040\000I\000M\000G\000\137\000S\000I\000Z\000E}{subsection.5.2.2}% 46
\BOOKMARK [3][-]{subsubsection.5.2.2.32}{\376\377\0005\000.\0002\000.\0002\000.\0003\0002\000\040\000i\000m\000g\000\137\000s\000u\000r\000f}{subsection.5.2.2}% 47
\BOOKMARK [3][-]{subsubsection.5.2.2.33}{\376\377\0005\000.\0002\000.\0002\000.\0003\0003\000\040\000k\000p\000\137\000a\000k\000a\000z\000e}{subsection.5.2.2}% 48
\BOOKMARK [3][-]{subsubsection.5.2.2.34}{\376\377\0005\000.\0002\000.\0002\000.\0003\0004\000\040\000k\000p\000\137\000o\000r\000b}{subsection.5.2.2}% 49
\BOOKMARK [3][-]{subsubsection.5.2.2.35}{\376\377\0005\000.\0002\000.\0002\000.\0003\0005\000\040\000k\000p\000\137\000s\000i\000f\000t}{subsection.5.2.2}% 50
\BOOKMARK [3][-]{subsubsection.5.2.2.36}{\376\377\0005\000.\0002\000.\0002\000.\0003\0006\000\040\000k\000p\000\137\000s\000u\000r\000f}{subsection.5.2.2}% 51
\BOOKMARK [3][-]{subsubsection.5.2.2.37}{\376\377\0005\000.\0002\000.\0002\000.\0003\0007\000\040\000l\000a\000y\000o\000u\000t}{subsection.5.2.2}% 52
\BOOKMARK [3][-]{subsubsection.5.2.2.38}{\376\377\0005\000.\0002\000.\0002\000.\0003\0008\000\040\000l\000s\000t\000m\000\137\000f\000a\000k\000e\000\137\000s\000c\000o\000r\000e}{subsection.5.2.2}% 53
\BOOKMARK [3][-]{subsubsection.5.2.2.39}{\376\377\0005\000.\0002\000.\0002\000.\0003\0009\000\040\000l\000s\000t\000m\000\137\000i\000n\000p\000u\000t}{subsection.5.2.2}% 54
\BOOKMARK [3][-]{subsubsection.5.2.2.40}{\376\377\0005\000.\0002\000.\0002\000.\0004\0000\000\040\000l\000s\000t\000m\000\137\000m\000o\000d\000e\000l}{subsection.5.2.2}% 55
\BOOKMARK [3][-]{subsubsection.5.2.2.41}{\376\377\0005\000.\0002\000.\0002\000.\0004\0001\000\040\000l\000s\000t\000m\000\137\000p\000r\000e\000d\000i\000c\000t\000i\000o\000n}{subsection.5.2.2}% 56
\BOOKMARK [3][-]{subsubsection.5.2.2.42}{\376\377\0005\000.\0002\000.\0002\000.\0004\0002\000\040\000l\000s\000t\000m\000\137\000r\000e\000a\000l\000\137\000s\000c\000o\000r\000e}{subsection.5.2.2}% 57
\BOOKMARK [3][-]{subsubsection.5.2.2.43}{\376\377\0005\000.\0002\000.\0002\000.\0004\0003\000\040\000m\000a\000r\000k\000e\000d\000\137\000i\000m\000g}{subsection.5.2.2}% 58
\BOOKMARK [3][-]{subsubsection.5.2.2.44}{\376\377\0005\000.\0002\000.\0002\000.\0004\0004\000\040\000o\000r\000b}{subsection.5.2.2}% 59
\BOOKMARK [3][-]{subsubsection.5.2.2.45}{\376\377\0005\000.\0002\000.\0002\000.\0004\0005\000\040\000p\000a\000g\000e\000\137\000i\000c\000o\000n}{subsection.5.2.2}% 60
\BOOKMARK [3][-]{subsubsection.5.2.2.46}{\376\377\0005\000.\0002\000.\0002\000.\0004\0006\000\040\000p\000a\000g\000e\000\137\000t\000i\000t\000l\000e}{subsection.5.2.2}% 61
\BOOKMARK [3][-]{subsubsection.5.2.2.47}{\376\377\0005\000.\0002\000.\0002\000.\0004\0007\000\040\000s\000i\000f\000t}{subsection.5.2.2}% 62
\BOOKMARK [3][-]{subsubsection.5.2.2.48}{\376\377\0005\000.\0002\000.\0002\000.\0004\0008\000\040\000s\000u\000r\000f}{subsection.5.2.2}% 63
\BOOKMARK [3][-]{subsubsection.5.2.2.49}{\376\377\0005\000.\0002\000.\0002\000.\0004\0009\000\040\000s\000u\000s\000p\000i\000c\000i\000o\000u\000s\000\137\000c\000o\000u\000n\000t}{subsection.5.2.2}% 64
\BOOKMARK [3][-]{subsubsection.5.2.2.50}{\376\377\0005\000.\0002\000.\0002\000.\0005\0000\000\040\000t\000a\000b\0001}{subsection.5.2.2}% 65
\BOOKMARK [3][-]{subsubsection.5.2.2.51}{\376\377\0005\000.\0002\000.\0002\000.\0005\0001\000\040\000t\000a\000b\0002}{subsection.5.2.2}% 66
\BOOKMARK [3][-]{subsubsection.5.2.2.52}{\376\377\0005\000.\0002\000.\0002\000.\0005\0002\000\040\000t\000a\000b\0003}{subsection.5.2.2}% 67
\BOOKMARK [3][-]{subsubsection.5.2.2.53}{\376\377\0005\000.\0002\000.\0002\000.\0005\0003\000\040\000t\000a\000b\0004}{subsection.5.2.2}% 68
\BOOKMARK [3][-]{subsubsection.5.2.2.54}{\376\377\0005\000.\0002\000.\0002\000.\0005\0004\000\040\000u\000n\000s\000a\000f\000e\000\137\000a\000l\000l\000o\000w\000\137\000h\000t\000m\000l}{subsection.5.2.2}% 69
\BOOKMARK [3][-]{subsubsection.5.2.2.55}{\376\377\0005\000.\0002\000.\0002\000.\0005\0005\000\040\000u\000p\000l\000o\000a\000d\000e\000d\000\137\000f\000i\000l\000e}{subsection.5.2.2}% 70
\BOOKMARK [3][-]{subsubsection.5.2.2.56}{\376\377\0005\000.\0002\000.\0002\000.\0005\0006\000\040\000w}{subsection.5.2.2}% 71
\BOOKMARK [3][-]{subsubsection.5.2.2.57}{\376\377\0005\000.\0002\000.\0002\000.\0005\0007\000\040\000w\000i\000d\000t\000h}{subsection.5.2.2}% 72
\BOOKMARK [3][-]{subsubsection.5.2.2.58}{\376\377\0005\000.\0002\000.\0002\000.\0005\0008\000\040\000x}{subsection.5.2.2}% 73
\BOOKMARK [3][-]{subsubsection.5.2.2.59}{\376\377\0005\000.\0002\000.\0002\000.\0005\0009\000\040\000y}{subsection.5.2.2}% 74
\BOOKMARK [1][-]{section.5.3}{\376\377\0005\000.\0003\000\040\000e\000v\000a\000l\000u\000a\000t\000e\000\137\000m\000o\000d\000e\000l\000s\000\040\000N\000a\000m\000e\000s\000p\000a\000c\000e\000\040\000R\000e\000f\000e\000r\000e\000n\000c\000e}{chapter.5}% 75
\BOOKMARK [2][-]{subsection.5.3.1}{\376\377\0005\000.\0003\000.\0001\000\040\000F\000u\000n\000c\000t\000i\000o\000n\000\040\000D\000o\000c\000u\000m\000e\000n\000t\000a\000t\000i\000o\000n}{section.5.3}% 76
\BOOKMARK [3][-]{subsubsection.5.3.1.1}{\376\377\0005\000.\0003\000.\0001\000.\0001\000\040\000e\000v\000a\000l\000u\000a\000t\000e\000\137\000f\000o\000l\000d\000e\000r\000\050\000\051}{subsection.5.3.1}% 77
\BOOKMARK [3][-]{subsubsection.5.3.1.2}{\376\377\0005\000.\0003\000.\0001\000.\0002\000\040\000p\000r\000e\000d\000i\000c\000t\000\137\000i\000m\000a\000g\000e\000\050\000\051}{subsection.5.3.1}% 78
\BOOKMARK [3][-]{subsubsection.5.3.1.3}{\376\377\0005\000.\0003\000.\0001\000.\0003\000\040\000p\000r\000e\000p\000a\000r\000e\000\137\000i\000m\000a\000g\000e\000\050\000\051}{subsection.5.3.1}% 79
\BOOKMARK [2][-]{subsection.5.3.2}{\376\377\0005\000.\0003\000.\0002\000\040\000V\000a\000r\000i\000a\000b\000l\000e\000\040\000D\000o\000c\000u\000m\000e\000n\000t\000a\000t\000i\000o\000n}{section.5.3}% 80
\BOOKMARK [3][-]{subsubsection.5.3.2.1}{\376\377\0005\000.\0003\000.\0002\000.\0001\000\040\000c\000n\000n\000\137\000m\000o\000d\000e\000l}{subsection.5.3.2}% 81
\BOOKMARK [3][-]{subsubsection.5.3.2.2}{\376\377\0005\000.\0003\000.\0002\000.\0002\000\040\000I\000M\000G\000\137\000S\000I\000Z\000E}{subsection.5.3.2}% 82
\BOOKMARK [3][-]{subsubsection.5.3.2.3}{\376\377\0005\000.\0003\000.\0002\000.\0003\000\040\000l\000i\000m\000i\000t}{subsection.5.3.2}% 83
\BOOKMARK [3][-]{subsubsection.5.3.2.4}{\376\377\0005\000.\0003\000.\0002\000.\0004\000\040\000l\000s\000t\000m\000\137\000m\000o\000d\000e\000l}{subsection.5.3.2}% 84
\BOOKMARK [1][-]{section.5.4}{\376\377\0005\000.\0004\000\040\000f\000e\000a\000t\000u\000r\000e\000\137\000d\000e\000t\000e\000c\000t\000i\000o\000n\000\040\000N\000a\000m\000e\000s\000p\000a\000c\000e\000\040\000R\000e\000f\000e\000r\000e\000n\000c\000e}{chapter.5}% 85
\BOOKMARK [1][-]{section.5.5}{\376\377\0005\000.\0005\000\040\000i\000m\000a\000g\000e\000\137\000l\000o\000a\000d\000e\000r\000\040\000N\000a\000m\000e\000s\000p\000a\000c\000e\000\040\000R\000e\000f\000e\000r\000e\000n\000c\000e}{chapter.5}% 86
\BOOKMARK [1][-]{section.5.6}{\376\377\0005\000.\0006\000\040\000m\000a\000n\000u\000a\000l\000\137\000m\000o\000d\000e\000l\000\137\000c\000h\000e\000c\000k\000\040\000N\000a\000m\000e\000s\000p\000a\000c\000e\000\040\000R\000e\000f\000e\000r\000e\000n\000c\000e}{chapter.5}% 87
\BOOKMARK [2][-]{subsection.5.6.1}{\376\377\0005\000.\0006\000.\0001\000\040\000F\000u\000n\000c\000t\000i\000o\000n\000\040\000D\000o\000c\000u\000m\000e\000n\000t\000a\000t\000i\000o\000n}{section.5.6}% 88
\BOOKMARK [3][-]{subsubsection.5.6.1.1}{\376\377\0005\000.\0006\000.\0001\000.\0001\000\040\000p\000r\000e\000p\000a\000r\000e\000\137\000i\000m\000a\000g\000e\000\050\000\051}{subsection.5.6.1}% 89
\BOOKMARK [3][-]{subsubsection.5.6.1.2}{\376\377\0005\000.\0006\000.\0001\000.\0002\000\040\000t\000e\000s\000t\000\137\000f\000o\000l\000d\000e\000r\000\050\000\051}{subsection.5.6.1}% 90
\BOOKMARK [2][-]{subsection.5.6.2}{\376\377\0005\000.\0006\000.\0002\000\040\000V\000a\000r\000i\000a\000b\000l\000e\000\040\000D\000o\000c\000u\000m\000e\000n\000t\000a\000t\000i\000o\000n}{section.5.6}% 91
\BOOKMARK [3][-]{subsubsection.5.6.2.1}{\376\377\0005\000.\0006\000.\0002\000.\0001\000\040\000c\000n\000n\000\137\000m\000o\000d\000e\000l}{subsection.5.6.2}% 92
\BOOKMARK [3][-]{subsubsection.5.6.2.2}{\376\377\0005\000.\0006\000.\0002\000.\0002\000\040\000f\000a\000k\000e\000\137\000i\000n\000d\000e\000x}{subsection.5.6.2}% 93
\BOOKMARK [3][-]{subsubsection.5.6.2.3}{\376\377\0005\000.\0006\000.\0002\000.\0003\000\040\000I\000M\000G\000\137\000S\000I\000Z\000E}{subsection.5.6.2}% 94
\BOOKMARK [3][-]{subsubsection.5.6.2.4}{\376\377\0005\000.\0006\000.\0002\000.\0004\000\040\000l\000s\000t\000m\000\137\000m\000o\000d\000e\000l}{subsection.5.6.2}% 95
\BOOKMARK [1][-]{section.5.7}{\376\377\0005\000.\0007\000\040\000m\000e\000t\000r\000i\000c\000s\000\040\000N\000a\000m\000e\000s\000p\000a\000c\000e\000\040\000R\000e\000f\000e\000r\000e\000n\000c\000e}{chapter.5}% 96
\BOOKMARK [2][-]{subsection.5.7.1}{\376\377\0005\000.\0007\000.\0001\000\040\000F\000u\000n\000c\000t\000i\000o\000n\000\040\000D\000o\000c\000u\000m\000e\000n\000t\000a\000t\000i\000o\000n}{section.5.7}% 97
\BOOKMARK [3][-]{subsubsection.5.7.1.1}{\376\377\0005\000.\0007\000.\0001\000.\0001\000\040\000c\000a\000l\000c\000u\000l\000a\000t\000e\000\137\000f\000a\000k\000e\000\137\000r\000a\000t\000i\000o\000\050\000\051}{subsection.5.7.1}% 98
\BOOKMARK [3][-]{subsubsection.5.7.1.2}{\376\377\0005\000.\0007\000.\0001\000.\0002\000\040\000i\000n\000t\000e\000r\000p\000r\000e\000t\000\137\000r\000e\000s\000u\000l\000t\000\050\000\051}{subsection.5.7.1}% 99
\BOOKMARK [1][-]{section.5.8}{\376\377\0005\000.\0008\000\040\000m\000o\000d\000e\000l\000\137\000t\000e\000s\000t\000\040\000N\000a\000m\000e\000s\000p\000a\000c\000e\000\040\000R\000e\000f\000e\000r\000e\000n\000c\000e}{chapter.5}% 100
\BOOKMARK [2][-]{subsection.5.8.1}{\376\377\0005\000.\0008\000.\0001\000\040\000F\000u\000n\000c\000t\000i\000o\000n\000\040\000D\000o\000c\000u\000m\000e\000n\000t\000a\000t\000i\000o\000n}{section.5.8}% 101
\BOOKMARK [3][-]{subsubsection.5.8.1.1}{\376\377\0005\000.\0008\000.\0001\000.\0001\000\040\000t\000e\000s\000t\000\137\000a\000p\000p\000\137\000f\000i\000l\000e\000\137\000e\000x\000i\000s\000t\000s\000\050\000\051}{subsection.5.8.1}% 102
\BOOKMARK [1][-]{section.5.9}{\376\377\0005\000.\0009\000\040\000t\000e\000s\000t\000\137\000u\000t\000i\000l\000s\000\040\000N\000a\000m\000e\000s\000p\000a\000c\000e\000\040\000R\000e\000f\000e\000r\000e\000n\000c\000e}{chapter.5}% 103
\BOOKMARK [2][-]{subsection.5.9.1}{\376\377\0005\000.\0009\000.\0001\000\040\000F\000u\000n\000c\000t\000i\000o\000n\000\040\000D\000o\000c\000u\000m\000e\000n\000t\000a\000t\000i\000o\000n}{section.5.9}% 104
\BOOKMARK [3][-]{subsubsection.5.9.1.1}{\376\377\0005\000.\0009\000.\0001\000.\0001\000\040\000t\000e\000s\000t\000\137\000c\000a\000l\000c\000u\000l\000a\000t\000e\000\137\000f\000a\000k\000e\000\137\000r\000a\000t\000i\000o\000\050\000\051}{subsection.5.9.1}% 105
\BOOKMARK [3][-]{subsubsection.5.9.1.2}{\376\377\0005\000.\0009\000.\0001\000.\0002\000\040\000t\000e\000s\000t\000\137\000i\000n\000t\000e\000r\000p\000r\000e\000t\000\137\000r\000e\000s\000u\000l\000t\000\050\000\051}{subsection.5.9.1}% 106
\BOOKMARK [1][-]{section.5.10}{\376\377\0005\000.\0001\0000\000\040\000t\000r\000a\000i\000n\000\137\000l\000s\000t\000m\000\040\000N\000a\000m\000e\000s\000p\000a\000c\000e\000\040\000R\000e\000f\000e\000r\000e\000n\000c\000e}{chapter.5}% 107
\BOOKMARK [2][-]{subsection.5.10.1}{\376\377\0005\000.\0001\0000\000.\0001\000\040\000V\000a\000r\000i\000a\000b\000l\000e\000\040\000D\000o\000c\000u\000m\000e\000n\000t\000a\000t\000i\000o\000n}{section.5.10}% 108
\BOOKMARK [3][-]{subsubsection.5.10.1.1}{\376\377\0005\000.\0001\0000\000.\0001\000.\0001\000\040\000b\000a\000s\000e\000\137\000m\000o\000d\000e\000l}{subsection.5.10.1}% 109
\BOOKMARK [3][-]{subsubsection.5.10.1.2}{\376\377\0005\000.\0001\0000\000.\0001\000.\0002\000\040\000B\000A\000T\000C\000H\000\137\000S\000I\000Z\000E}{subsection.5.10.1}% 110
\BOOKMARK [3][-]{subsubsection.5.10.1.3}{\376\377\0005\000.\0001\0000\000.\0001\000.\0003\000\040\000c\000l\000a\000s\000s\000\137\000w\000e\000i\000g\000h\000t}{subsection.5.10.1}% 111
\BOOKMARK [3][-]{subsubsection.5.10.1.4}{\376\377\0005\000.\0001\0000\000.\0001\000.\0004\000\040\000c\000l\000a\000s\000s\000\137\000w\000e\000i\000g\000h\000t\000s}{subsection.5.10.1}% 112
\BOOKMARK [3][-]{subsubsection.5.10.1.5}{\376\377\0005\000.\0001\0000\000.\0001\000.\0005\000\040\000c\000l\000a\000s\000s\000\137\000w\000e\000i\000g\000h\000t\000s\000\137\000a\000r\000r\000a\000y}{subsection.5.10.1}% 113
\BOOKMARK [3][-]{subsubsection.5.10.1.6}{\376\377\0005\000.\0001\0000\000.\0001\000.\0006\000\040\000c\000l\000a\000s\000s\000e\000s}{subsection.5.10.1}% 114
\BOOKMARK [3][-]{subsubsection.5.10.1.7}{\376\377\0005\000.\0001\0000\000.\0001\000.\0007\000\040\000D\000A\000T\000A\000S\000E\000T\000\137\000D\000I\000R}{subsection.5.10.1}% 115
\BOOKMARK [3][-]{subsubsection.5.10.1.8}{\376\377\0005\000.\0001\0000\000.\0001\000.\0008\000\040\000E\000P\000O\000C\000H\000S}{subsection.5.10.1}% 116
\BOOKMARK [3][-]{subsubsection.5.10.1.9}{\376\377\0005\000.\0001\0000\000.\0001\000.\0009\000\040\000e\000p\000o\000c\000h\000s}{subsection.5.10.1}% 117
\BOOKMARK [3][-]{subsubsection.5.10.1.10}{\376\377\0005\000.\0001\0000\000.\0001\000.\0001\0000\000\040\000f\000a\000k\000e\000\137\000i\000n\000d\000e\000x}{subsection.5.10.1}% 118
\BOOKMARK [3][-]{subsubsection.5.10.1.11}{\376\377\0005\000.\0001\0000\000.\0001\000.\0001\0001\000\040\000I\000M\000G\000\137\000S\000I\000Z\000E}{subsection.5.10.1}% 119
\BOOKMARK [3][-]{subsubsection.5.10.1.12}{\376\377\0005\000.\0001\0000\000.\0001\000.\0001\0002\000\040\000l\000o\000s\000s}{subsection.5.10.1}% 120
\BOOKMARK [3][-]{subsubsection.5.10.1.13}{\376\377\0005\000.\0001\0000\000.\0001\000.\0001\0003\000\040\000m\000e\000t\000r\000i\000c\000s}{subsection.5.10.1}% 121
\BOOKMARK [3][-]{subsubsection.5.10.1.14}{\376\377\0005\000.\0001\0000\000.\0001\000.\0001\0004\000\040\000m\000o\000d\000e\000l}{subsection.5.10.1}% 122
\BOOKMARK [3][-]{subsubsection.5.10.1.15}{\376\377\0005\000.\0001\0000\000.\0001\000.\0001\0005\000\040\000M\000O\000D\000E\000L\000\137\000D\000I\000R}{subsection.5.10.1}% 123
\BOOKMARK [3][-]{subsubsection.5.10.1.16}{\376\377\0005\000.\0001\0000\000.\0001\000.\0001\0006\000\040\000o\000p\000t\000i\000m\000i\000z\000e\000r}{subsection.5.10.1}% 124
\BOOKMARK [3][-]{subsubsection.5.10.1.17}{\376\377\0005\000.\0001\0000\000.\0001\000.\0001\0007\000\040\000o\000u\000t\000p\000u\000t}{subsection.5.10.1}% 125
\BOOKMARK [3][-]{subsubsection.5.10.1.18}{\376\377\0005\000.\0001\0000\000.\0001\000.\0001\0008\000\040\000t\000r\000a\000i\000n\000\137\000d\000a\000t\000a\000g\000e\000n}{subsection.5.10.1}% 126
\BOOKMARK [3][-]{subsubsection.5.10.1.19}{\376\377\0005\000.\0001\0000\000.\0001\000.\0001\0009\000\040\000t\000r\000a\000i\000n\000\137\000g\000e\000n\000e\000r\000a\000t\000o\000r}{subsection.5.10.1}% 127
\BOOKMARK [3][-]{subsubsection.5.10.1.20}{\376\377\0005\000.\0001\0000\000.\0001\000.\0002\0000\000\040\000t\000r\000a\000i\000n\000a\000b\000l\000e}{subsection.5.10.1}% 128
\BOOKMARK [3][-]{subsubsection.5.10.1.21}{\376\377\0005\000.\0001\0000\000.\0001\000.\0002\0001\000\040\000v\000a\000l\000\137\000g\000e\000n\000e\000r\000a\000t\000o\000r}{subsection.5.10.1}% 129
\BOOKMARK [3][-]{subsubsection.5.10.1.22}{\376\377\0005\000.\0001\0000\000.\0001\000.\0002\0002\000\040\000v\000a\000l\000i\000d\000a\000t\000i\000o\000n\000\137\000d\000a\000t\000a}{subsection.5.10.1}% 130
\BOOKMARK [3][-]{subsubsection.5.10.1.23}{\376\377\0005\000.\0001\0000\000.\0001\000.\0002\0003\000\040\000x}{subsection.5.10.1}% 131
\BOOKMARK [1][-]{section.5.11}{\376\377\0005\000.\0001\0001\000\040\000t\000r\000a\000i\000n\000\137\000m\000o\000d\000e\000l\000s\000\040\000N\000a\000m\000e\000s\000p\000a\000c\000e\000\040\000R\000e\000f\000e\000r\000e\000n\000c\000e}{chapter.5}% 132
\BOOKMARK [2][-]{subsection.5.11.1}{\376\377\0005\000.\0001\0001\000.\0001\000\040\000V\000a\000r\000i\000a\000b\000l\000e\000\040\000D\000o\000c\000u\000m\000e\000n\000t\000a\000t\000i\000o\000n}{section.5.11}% 133
\BOOKMARK [3][-]{subsubsection.5.11.1.1}{\376\377\0005\000.\0001\0001\000.\0001\000.\0001\000\040\000b\000a\000s\000e\000\137\000m\000o\000d\000e\000l}{subsection.5.11.1}% 134
\BOOKMARK [3][-]{subsubsection.5.11.1.2}{\376\377\0005\000.\0001\0001\000.\0001\000.\0002\000\040\000B\000A\000T\000C\000H\000\137\000S\000I\000Z\000E}{subsection.5.11.1}% 135
\BOOKMARK [3][-]{subsubsection.5.11.1.3}{\376\377\0005\000.\0001\0001\000.\0001\000.\0003\000\040\000c\000l\000a\000s\000s\000\137\000w\000e\000i\000g\000h\000t}{subsection.5.11.1}% 136
\BOOKMARK [3][-]{subsubsection.5.11.1.4}{\376\377\0005\000.\0001\0001\000.\0001\000.\0004\000\040\000c\000l\000a\000s\000s\000\137\000w\000e\000i\000g\000h\000t\000s}{subsection.5.11.1}% 137
\BOOKMARK [3][-]{subsubsection.5.11.1.5}{\376\377\0005\000.\0001\0001\000.\0001\000.\0005\000\040\000c\000l\000a\000s\000s\000\137\000w\000e\000i\000g\000h\000t\000s\000\137\000a\000r\000r\000a\000y}{subsection.5.11.1}% 138
\BOOKMARK [3][-]{subsubsection.5.11.1.6}{\376\377\0005\000.\0001\0001\000.\0001\000.\0006\000\040\000c\000l\000a\000s\000s\000e\000s}{subsection.5.11.1}% 139
\BOOKMARK [3][-]{subsubsection.5.11.1.7}{\376\377\0005\000.\0001\0001\000.\0001\000.\0007\000\040\000D\000A\000T\000A\000S\000E\000T\000\137\000D\000I\000R}{subsection.5.11.1}% 140
\BOOKMARK [3][-]{subsubsection.5.11.1.8}{\376\377\0005\000.\0001\0001\000.\0001\000.\0008\000\040\000e\000p\000o\000c\000h\000s}{subsection.5.11.1}% 141
\BOOKMARK [3][-]{subsubsection.5.11.1.9}{\376\377\0005\000.\0001\0001\000.\0001\000.\0009\000\040\000E\000P\000O\000C\000H\000S\000\137\000F\000I\000N\000E}{subsection.5.11.1}% 142
\BOOKMARK [3][-]{subsubsection.5.11.1.10}{\376\377\0005\000.\0001\0001\000.\0001\000.\0001\0000\000\040\000E\000P\000O\000C\000H\000S\000\137\000H\000E\000A\000D}{subsection.5.11.1}% 143
\BOOKMARK [3][-]{subsubsection.5.11.1.11}{\376\377\0005\000.\0001\0001\000.\0001\000.\0001\0001\000\040\000e\000x\000i\000s\000t\000\137\000o\000k}{subsection.5.11.1}% 144
\BOOKMARK [3][-]{subsubsection.5.11.1.12}{\376\377\0005\000.\0001\0001\000.\0001\000.\0001\0002\000\040\000f\000a\000k\000e\000\137\000i\000n\000d\000e\000x}{subsection.5.11.1}% 145
\BOOKMARK [3][-]{subsubsection.5.11.1.13}{\376\377\0005\000.\0001\0001\000.\0001\000.\0001\0003\000\040\000I\000M\000G\000\137\000S\000I\000Z\000E}{subsection.5.11.1}% 146
\BOOKMARK [3][-]{subsubsection.5.11.1.14}{\376\377\0005\000.\0001\0001\000.\0001\000.\0001\0004\000\040\000l\000o\000s\000s}{subsection.5.11.1}% 147
\BOOKMARK [3][-]{subsubsection.5.11.1.15}{\376\377\0005\000.\0001\0001\000.\0001\000.\0001\0005\000\040\000m\000e\000t\000r\000i\000c\000s}{subsection.5.11.1}% 148
\BOOKMARK [3][-]{subsubsection.5.11.1.16}{\376\377\0005\000.\0001\0001\000.\0001\000.\0001\0006\000\040\000m\000o\000d\000e\000l}{subsection.5.11.1}% 149
\BOOKMARK [3][-]{subsubsection.5.11.1.17}{\376\377\0005\000.\0001\0001\000.\0001\000.\0001\0007\000\040\000M\000O\000D\000E\000L\000\137\000D\000I\000R}{subsection.5.11.1}% 150
\BOOKMARK [3][-]{subsubsection.5.11.1.18}{\376\377\0005\000.\0001\0001\000.\0001\000.\0001\0008\000\040\000o\000p\000t\000i\000m\000i\000z\000e\000r}{subsection.5.11.1}% 151
\BOOKMARK [3][-]{subsubsection.5.11.1.19}{\376\377\0005\000.\0001\0001\000.\0001\000.\0001\0009\000\040\000o\000u\000t\000p\000u\000t}{subsection.5.11.1}% 152
\BOOKMARK [3][-]{subsubsection.5.11.1.20}{\376\377\0005\000.\0001\0001\000.\0001\000.\0002\0000\000\040\000t\000r\000a\000i\000n\000\137\000d\000a\000t\000a\000g\000e\000n}{subsection.5.11.1}% 153
\BOOKMARK [3][-]{subsubsection.5.11.1.21}{\376\377\0005\000.\0001\0001\000.\0001\000.\0002\0001\000\040\000t\000r\000a\000i\000n\000\137\000g\000e\000n\000e\000r\000a\000t\000o\000r}{subsection.5.11.1}% 154
\BOOKMARK [3][-]{subsubsection.5.11.1.22}{\376\377\0005\000.\0001\0001\000.\0001\000.\0002\0002\000\040\000t\000r\000a\000i\000n\000a\000b\000l\000e}{subsection.5.11.1}% 155
\BOOKMARK [3][-]{subsubsection.5.11.1.23}{\376\377\0005\000.\0001\0001\000.\0001\000.\0002\0003\000\040\000v\000a\000l\000\137\000g\000e\000n\000e\000r\000a\000t\000o\000r}{subsection.5.11.1}% 156
\BOOKMARK [3][-]{subsubsection.5.11.1.24}{\376\377\0005\000.\0001\0001\000.\0001\000.\0002\0004\000\040\000v\000a\000l\000i\000d\000a\000t\000i\000o\000n\000\137\000d\000a\000t\000a}{subsection.5.11.1}% 157
\BOOKMARK [3][-]{subsubsection.5.11.1.25}{\376\377\0005\000.\0001\0001\000.\0001\000.\0002\0005\000\040\000x}{subsection.5.11.1}% 158
\BOOKMARK [1][-]{section.5.12}{\376\377\0005\000.\0001\0002\000\040\000u\000t\000i\000l\000s\000\040\000N\000a\000m\000e\000s\000p\000a\000c\000e\000\040\000R\000e\000f\000e\000r\000e\000n\000c\000e}{chapter.5}% 159
\BOOKMARK [0][-]{chapter.6}{\376\377\0006\000\040\000F\000i\000l\000e\000\040\000D\000o\000c\000u\000m\000e\000n\000t\000a\000t\000i\000o\000n}{}% 160
\BOOKMARK [1][-]{section.6.1}{\376\377\0006\000.\0001\000\040\000a\000p\000p\000.\000p\000y\000\040\000F\000i\000l\000e\000\040\000R\000e\000f\000e\000r\000e\000n\000c\000e}{chapter.6}% 161
\BOOKMARK [1][-]{section.6.2}{\376\377\0006\000.\0002\000\040\000e\000v\000a\000l\000u\000a\000t\000e\000\137\000m\000o\000d\000e\000l\000s\000.\000p\000y\000\040\000F\000i\000l\000e\000\040\000R\000e\000f\000e\000r\000e\000n\000c\000e}{chapter.6}% 162
\BOOKMARK [1][-]{section.6.3}{\376\377\0006\000.\0003\000\040\000m\000a\000n\000u\000a\000l\000\137\000m\000o\000d\000e\000l\000\137\000c\000h\000e\000c\000k\000.\000p\000y\000\040\000F\000i\000l\000e\000\040\000R\000e\000f\000e\000r\000e\000n\000c\000e}{chapter.6}% 163
\BOOKMARK [1][-]{section.6.4}{\376\377\0006\000.\0004\000\040\000m\000o\000d\000e\000l\000\137\000t\000e\000s\000t\000.\000p\000y\000\040\000F\000i\000l\000e\000\040\000R\000e\000f\000e\000r\000e\000n\000c\000e}{chapter.6}% 164
\BOOKMARK [1][-]{section.6.5}{\376\377\0006\000.\0005\000\040\000R\000E\000A\000D\000M\000E\000.\000m\000d\000\040\000F\000i\000l\000e\000\040\000R\000e\000f\000e\000r\000e\000n\000c\000e}{chapter.6}% 165
\BOOKMARK [1][-]{section.6.6}{\376\377\0006\000.\0006\000\040\000s\000r\000c\000/\000a\000i\000\137\000d\000e\000t\000e\000c\000t\000i\000o\000n\000.\000p\000y\000\040\000F\000i\000l\000e\000\040\000R\000e\000f\000e\000r\000e\000n\000c\000e}{chapter.6}% 166
\BOOKMARK [1][-]{section.6.7}{\376\377\0006\000.\0007\000\040\000s\000r\000c\000/\000f\000e\000a\000t\000u\000r\000e\000\137\000d\000e\000t\000e\000c\000t\000i\000o\000n\000.\000p\000y\000\040\000F\000i\000l\000e\000\040\000R\000e\000f\000e\000r\000e\000n\000c\000e}{chapter.6}% 167
\BOOKMARK [1][-]{section.6.8}{\376\377\0006\000.\0008\000\040\000s\000r\000c\000/\000i\000m\000a\000g\000e\000\137\000l\000o\000a\000d\000e\000r\000.\000p\000y\000\040\000F\000i\000l\000e\000\040\000R\000e\000f\000e\000r\000e\000n\000c\000e}{chapter.6}% 168
\BOOKMARK [1][-]{section.6.9}{\376\377\0006\000.\0009\000\040\000s\000r\000c\000/\000u\000t\000i\000l\000s\000.\000p\000y\000\040\000F\000i\000l\000e\000\040\000R\000e\000f\000e\000r\000e\000n\000c\000e}{chapter.6}% 169
\BOOKMARK [1][-]{section.6.10}{\376\377\0006\000.\0001\0000\000\040\000t\000e\000s\000t\000\137\000u\000t\000i\000l\000s\000.\000p\000y\000\040\000F\000i\000l\000e\000\040\000R\000e\000f\000e\000r\000e\000n\000c\000e}{chapter.6}% 170
\BOOKMARK [1][-]{section.6.11}{\376\377\0006\000.\0001\0001\000\040\000t\000r\000a\000i\000n\000\137\000l\000s\000t\000m\000.\000p\000y\000\040\000F\000i\000l\000e\000\040\000R\000e\000f\000e\000r\000e\000n\000c\000e}{chapter.6}% 171
\BOOKMARK [1][-]{section.6.12}{\376\377\0006\000.\0001\0002\000\040\000t\000r\000a\000i\000n\000\137\000m\000o\000d\000e\000l\000s\000.\000p\000y\000\040\000F\000i\000l\000e\000\040\000R\000e\000f\000e\000r\000e\000n\000c\000e}{chapter.6}% 172
\BOOKMARK [1][-]{section.6.13}{\376\377\0006\000.\0001\0003\000\040\000u\000t\000i\000l\000s\000/\000m\000e\000t\000r\000i\000c\000s\000.\000p\000y\000\040\000F\000i\000l\000e\000\040\000R\000e\000f\000e\000r\000e\000n\000c\000e}{chapter.6}% 173
\BOOKMARK [0][-]{section*.37}{\376\377\000I\000n\000d\000e\000x}{}% 174
